[2026-09-17 11:40:47] === Jan Sunwai Background Supervisor Started ===
[2026-09-18 13:11:04] Cloudflared not running. Starting...
[2026-09-18 13:11:26] Cloudflared not running. Starting...
[2026-09-18 13:11:47] Cloudflared not running. Starting...
[2026-09-18 13:12:09] Cloudflared not running. Starting...
[2026-09-18 13:12:30] Cloudflared not running. Starting...
[2026-09-18 13:12:52] Cloudflared not running. Starting...
[2026-09-18 13:13:13] Cloudflared not running. Starting...
[2026-09-18 13:13:34] Cloudflared not running. Starting...
[2026-09-18 13:13:56] Cloudflared not running. Starting...
[2026-09-18 13:14:17] Cloudflared not running. Starting...
[2026-09-18 13:14:39] Cloudflared not running. Starting...
[2026-09-18 13:15:00] Cloudflared not running. Starting...
[2026-09-18 13:15:22] Cloudflared not running. Starting...
[2026-09-18 13:15:43] Cloudflared not running. Starting...
[2026-09-18 13:16:04] Cloudflared not running. Starting...
[2026-09-18 13:16:26] Cloudflared not running. Starting...
[2026-09-18 13:16:47] Cloudflared not running. Starting...
[2026-09-18 13:17:09] Cloudflared not running. Starting...
[2026-09-18 13:17:30] Cloudflared not running. Starting...
[2026-09-18 14:34:30] Backend on 3001 not detected. Starting...
[2026-09-18 14:36:08] Backend on 3001 not detected. Starting...
[2026-09-18 14:37:14] Backend on 3001 not detected. Starting...
[2026-09-18 14:40:40] Backend on 3001 not detected. Starting...
[2026-09-18 15:38:28] Backend on 3001 not detected. Starting...
[2026-09-18 16:51:02] Backend on 3001 not detected. Starting...
[2026-09-18 16:51:08] Web on 3000 not detected. Starting...
[2026-09-18 16:51:44] Backend on 3001 not detected. Starting...
[2026-09-28 10:18:58] Cloudflared not running. Starting...
[2026-09-28 10:19:04] New Cloudflare Tunnel URL: https://parental-cope-reservations-temperatures.trycloudflare.com
[2026-09-28 10:19:19] Cloudflared not running. Starting...
[2026-09-28 10:19:25] New Cloudflare Tunnel URL: https://parental-cope-reservations-temperatures.trycloudflare.com
[2026-09-28 10:19:41] Cloudflared not running. Starting...
[2026-09-28 10:19:47] New Cloudflare Tunnel URL: https://parental-cope-reservations-temperatures.trycloudflare.com
[2026-09-28 10:20:02] Cloudflared not running. Starting...
[2026-09-28 10:20:08] New Cloudflare Tunnel URL: https://parental-cope-reservations-temperatures.trycloudflare.com
[2026-09-28 10:20:23] Backend on 3001 not detected. Starting...
[2026-09-28 10:20:29] Cloudflared not running. Starting...
[2026-09-28 10:20:35] New Cloudflare Tunnel URL: https://parental-cope-reservations-temperatures.trycloudflare.com
[2026-09-28 10:20:50] Cloudflared not running. Starting...
[2026-09-28 10:20:56] New Cloudflare Tunnel URL: https://parental-cope-reservations-temperatures.trycloudflare.com
[2026-09-28 10:21:12] Cloudflared not running. Starting...
[2026-09-28 10:21:18] New Cloudflare Tunnel URL: https://parental-cope-reservations-temperatures.trycloudflare.com
[2026-09-28 10:21:33] Cloudflared not running. Starting...
[2026-09-28 10:21:39] New Cloudflare Tunnel URL: https://parental-cope-reservations-temperatures.trycloudflare.com
[2026-09-28 10:21:55] Cloudflared not running. Starting...
[2026-09-28 10:22:01] New Cloudflare Tunnel URL: https://parental-cope-reservations-temperatures.trycloudflare.com
[2026-09-28 13:09:48] Backend on 3001 not detected. Starting...
